
Lab - Entering Commands
==========
Follow the instructions line-by-line.  

* Type in the commands as is, but ignore the beginning prompt.  
* Enter, tab, up and down are represented by <ENTER><TAB>,<UP> and <DOWN>.  
* "No output" or "nothing happens" are valid answers to any of the questions.
==========

//> < = Entry/Answer

==========
1. Open Terminal.  Type:

$ ls<ENTER>

Copy and paste the output of ls below.
>
Applications	Downloads	Music		Public		VirtualBox VMs
Desktop		Library		My Song.band	Sites		vms
Documents	Movies		Pictures	Things
<

==========
2a. Type: 

$ ls D<TAB>

What happens?  Describe it below.
>
Nothing Happens.
<

==========
2b. Press <TAB> one more time.  Copy and paste the output below.
>
List options that start with the letter D.
<

==========
2c. Now press <ENTER>. Copy and paste the output below.
>
Desktop/   Documents/ Downloads/
<

==========
3.  Type:

$ ls -l Documents<ENTER>

Copy and paste the first *two lines* of output below.
>
drwxr-xr-x   6 student  staff     204 Jan 22  2014 Adobe
drwxrwx--x   5 student  staff     170 Jan 23  2009 AdobeStockPhotos
<

==========
4.  Type:

$ ls -a Documents

Copy and paste the first *two lines* of output below.
>
.			Arduino			Microsoft User Data
..			Avid Projects		Pro Tools
<


==========
5.  Type:

<UP><ENTER>

What command was repeated?
>
The ls -a Document command was repeated
<


==========
6.  Type:

<UP><UP><UP><DOWN><ENTER>

What command was repeated?
>
The ls -a Document command was repeated
<


==========
7.  Type:

$ ls /Vol<TAB><ENTER>

What is the result of pressing tab?
>
It Finished what I had started to type
<


==========
8.  Type:

$ ls doesnotexist

Copy and paste the output below.
>
ls: doesnotexist: No such file or directory
<

==========
9.  What key do I press to go to the previous command?
>
The UP Command
<


==========
10.  Name two flags that we used in this exercise.
>
The a-, -l, -t, -p Flags
<


==========
11.  What key do I use to attempt to autocomplete a command or a file name?
>
The Tab
<


==========
12.  What was the main command that we used throughout this exercise?
>
The command we used the most was Dir and The ls 
<


==========
13.  Name one argument that we passed to the command.
>
Desktop
<


==========
14.  Type:

$ foo<ENTER>

Copy and paste the output below.
>
-bash: foo: command not found
<

==========
15.  Type:

<UP><ENTER>

Copy and paste the output below.
>
-bash: foo: command not found
<


==========
16.  In the following line....

$ ls -a Desktop

What is the command, flag, argument, and prompt?
>
Command is ls, flag is -a, argument is desktop, prompt is $
<
